// Jest Snapshot v1, https://goo.gl/fbAQLP

exports[`Renders correctly 1`] = `
<div>
  <p>
    it
    en
  </p>
  <ul>
    <li>
      en
    </li>
    <li>
      it
    </li>
    <li>
      es
    </li>
  </ul>
</div>
`;
